test_all_fourteen_acceptance_cases_reference_executable_tests (test_acceptance_matrix_v2.ParecerAcceptanceMatrixTest.test_all_fourteen_acceptance_cases_reference_executable_tests) ... ok
test_account_table_has_accounts_in_rows_and_years_in_columns (test_analise_contas_v2.AnaliseContasV2Test.test_account_table_has_accounts_in_rows_and_years_in_columns) ... ok
test_blocked_result_has_no_derived_accounts (test_analise_contas_v2.AnaliseContasV2Test.test_blocked_result_has_no_derived_accounts) ... ok
test_currency_formatter_distinguishes_absence_from_zero (test_analise_contas_v2.AnaliseContasV2Test.test_currency_formatter_distinguishes_absence_from_zero) ... ok
test_primary_and_derived_labels (test_analise_contas_v2.AnaliseContasV2Test.test_primary_and_derived_labels) ... ok
test_summary_uses_contract_tables (test_analise_contas_v2.AnaliseContasV2Test.test_summary_uses_contract_tables) ... ok
test_authority_decision_requires_authority_role (test_analysis_dossier_v2.AnalysisDossierStoreTest.test_authority_decision_requires_authority_role) ... ok
test_failed_report_attempt_preserves_contract_and_records_telemetry (test_analysis_dossier_v2.AnalysisDossierStoreTest.test_failed_report_attempt_preserves_contract_and_records_telemetry) ... ok
test_functional_export_excludes_restricted_technical_metadata (test_analysis_dossier_v2.AnalysisDossierStoreTest.test_functional_export_excludes_restricted_technical_metadata) ... ok
test_governance_events_are_append_only_and_signed (test_analysis_dossier_v2.AnalysisDossierStoreTest.test_governance_events_are_append_only_and_signed) ... ok
test_pdf_export_accepts_short_main_and_separate_annex (test_analysis_dossier_v2.AnalysisDossierStoreTest.test_pdf_export_accepts_short_main_and_separate_annex) ... ok
test_pdf_export_rejects_empty_document (test_analysis_dossier_v2.AnalysisDossierStoreTest.test_pdf_export_rejects_empty_document) ... ok
test_transactional_identifier_is_stable_and_sequential (test_analysis_dossier_v2.AnalysisDossierStoreTest.test_transactional_identifier_is_stable_and_sequential) ... ok
test_validated_report_is_persisted_and_recovered (test_analysis_dossier_v2.AnalysisDossierStoreTest.test_validated_report_is_persisted_and_recovered) ... ok
test_blocked_result_can_be_exported_for_audit (test_analysis_export_v2.AnalysisExportV2Test.test_blocked_result_can_be_exported_for_audit) ... ok
test_export_canonicalizes_pca_sign (test_analysis_export_v2.AnalysisExportV2Test.test_export_canonicalizes_pca_sign) ... ok
test_export_does_not_mutate_contract_tables (test_analysis_export_v2.AnalysisExportV2Test.test_export_does_not_mutate_contract_tables) ... ok
test_exported_tables_match_engine_contract (test_analysis_export_v2.AnalysisExportV2Test.test_exported_tables_match_engine_contract) ... ok
test_filename_is_safe_and_identifies_pudim (test_analysis_export_v2.AnalysisExportV2Test.test_filename_is_safe_and_identifies_pudim) ... ok
test_schema_contains_the_2_0_20_extensions (test_analysis_export_v2.AnalysisExportV2Test.test_schema_contains_the_2_0_20_extensions) ... ok
test_summary_contains_model_score_status_and_hashes (test_analysis_export_v2.AnalysisExportV2Test.test_summary_contains_model_score_status_and_hashes) ... ok
test_workbook_matches_reference_sheet_order (test_analysis_export_v2.AnalysisExportV2Test.test_workbook_matches_reference_sheet_order) ... ok
test_analyst_divergence_is_registered_without_changing_recommendation (test_credit_governance_v2.CreditGovernanceV2Test.test_analyst_divergence_is_registered_without_changing_recommendation) ... ok
test_authority_divergence_uses_analyst_as_immediate_origin (test_credit_governance_v2.CreditGovernanceV2Test.test_authority_divergence_uses_analyst_as_immediate_origin) ... ok
test_equal_analyst_position_does_not_create_divergence (test_credit_governance_v2.CreditGovernanceV2Test.test_equal_analyst_position_does_not_create_divergence) ... ok
test_initial_state_has_only_immutable_finscore_recommendation (test_credit_governance_v2.CreditGovernanceV2Test.test_initial_state_has_only_immutable_finscore_recommendation) ... ok
test_new_analysis_starts_a_separate_governance_state (test_credit_governance_v2.CreditGovernanceV2Test.test_new_analysis_starts_a_separate_governance_state) ... ok
test_new_analyst_manifestation_invalidates_current_authority_decision (test_credit_governance_v2.CreditGovernanceV2Test.test_new_analyst_manifestation_invalidates_current_authority_decision) ... ok
test_short_justification_is_rejected (test_credit_governance_v2.CreditGovernanceV2Test.test_short_justification_is_rejected) ... ok
test_state_survives_json_compatible_round_trip (test_credit_governance_v2.CreditGovernanceV2Test.test_state_survives_json_compatible_round_trip) ... ok
test_structured_contract_accepts_governance_but_rejects_changed_recommendation (test_credit_governance_v2.CreditGovernanceV2Test.test_structured_contract_accepts_governance_but_rejects_changed_recommendation) ... ok
test_blocking_finding_requires_block_category_and_action (test_evidence_book_v2.EvidenceBookV2Test.test_blocking_finding_requires_block_category_and_action) ... ok
test_builder_attaches_stable_unique_findings (test_evidence_book_v2.EvidenceBookV2Test.test_builder_attaches_stable_unique_findings) ... ok
test_debt_account_findings_use_engine_fields (test_evidence_book_v2.EvidenceBookV2Test.test_debt_account_findings_use_engine_fields) ... ok
test_every_policy_blocker_has_reason_impact_and_action (test_evidence_book_v2.EvidenceBookV2Test.test_every_policy_blocker_has_reason_impact_and_action) ... ok
test_non_blocking_alerts_remain_non_blocking (test_evidence_book_v2.EvidenceBookV2Test.test_non_blocking_alerts_remain_non_blocking) ... ok
test_non_calculable_supplementary_diagnostic_remains_a_limitation (test_evidence_book_v2.EvidenceBookV2Test.test_non_calculable_supplementary_diagnostic_remains_a_limitation) ... ok
test_non_monotonic_scenario_creates_explicit_finding (test_evidence_book_v2.EvidenceBookV2Test.test_non_monotonic_scenario_creates_explicit_finding) ... ok
test_scenario_finding_is_explicitly_a_hypothesis (test_evidence_book_v2.EvidenceBookV2Test.test_scenario_finding_is_explicitly_a_hypothesis) ... ok
test_score_limiters_reference_note_weight_and_contribution (test_evidence_book_v2.EvidenceBookV2Test.test_score_limiters_reference_note_weight_and_contribution) ... ok
test_supplementary_diagnostics_do_not_claim_to_change_finscore (test_evidence_book_v2.EvidenceBookV2Test.test_supplementary_diagnostics_do_not_claim_to_change_finscore) ... ok
test_corrections_dataframe_is_converted_to_records (test_finscore_service_v2.FinScoreServiceV2Test.test_corrections_dataframe_is_converted_to_records) ... ok
test_empty_corrections_dataframe_does_not_use_ambiguous_truth_value (test_finscore_service_v2.FinScoreServiceV2Test.test_empty_corrections_dataframe_does_not_use_ambiguous_truth_value) ... ok
test_invalid_simulation_count_is_rejected (test_finscore_service_v2.FinScoreServiceV2Test.test_invalid_simulation_count_is_rejected) ... ok
test_relative_years_are_mapped_before_engine (test_finscore_service_v2.FinScoreServiceV2Test.test_relative_years_are_mapped_before_engine) ... ok
test_service_uses_pudim_contract (test_finscore_service_v2.FinScoreServiceV2Test.test_service_uses_pudim_contract) ... ok
test_simulation_configuration_can_come_from_environment (test_finscore_service_v2.FinScoreServiceV2Test.test_simulation_configuration_can_come_from_environment) ... ok
test_transitional_aliases_are_explicit_and_safe (test_finscore_service_v2.FinScoreServiceV2Test.test_transitional_aliases_are_explicit_and_safe) ... ok
test_blocked_result_satisfies_contract_without_fake_score (test_finscore_v2_contracts.FinScoreV2ContractTest.test_blocked_result_satisfies_contract_without_fake_score) ... ok
test_calculated_result_satisfies_contract (test_finscore_v2_contracts.FinScoreV2ContractTest.test_calculated_result_satisfies_contract) ... ok
test_decision_requires_calculation (test_finscore_v2_contracts.FinScoreV2ContractTest.test_decision_requires_calculation) ... ok
test_missing_required_key_is_rejected (test_finscore_v2_contracts.FinScoreV2ContractTest.test_missing_required_key_is_rejected) ... ok
test_wrong_table_type_is_rejected (test_finscore_v2_contracts.FinScoreV2ContractTest.test_wrong_table_type_is_rejected) ... ok
test_blank_accounting_value_remains_nan (test_finscore_v2_engine.FinScoreV2EngineTest.test_blank_accounting_value_remains_nan) ... ok
test_dataframe_stored_in_input_attrs_does_not_break_melt (test_finscore_v2_engine.FinScoreV2EngineTest.test_dataframe_stored_in_input_attrs_does_not_break_melt) ... ok
test_empty_corrections_dataframe_is_accepted_by_engine (test_finscore_v2_engine.FinScoreV2EngineTest.test_empty_corrections_dataframe_is_accepted_by_engine) ... ok
test_methodological_self_tests_pass (test_finscore_v2_engine.FinScoreV2EngineTest.test_methodological_self_tests_pass) ... ok
test_missing_column_is_rejected (test_finscore_v2_engine.FinScoreV2EngineTest.test_missing_column_is_rejected) ... ok
test_reference_case_matches_frozen_script (test_finscore_v2_engine.FinScoreV2EngineTest.test_reference_case_matches_frozen_script) ... ok
test_requires_exactly_three_exercises (test_finscore_v2_engine.FinScoreV2EngineTest.test_requires_exactly_three_exercises) ... ok
test_seeded_monte_carlo_matches_frozen_script (test_finscore_v2_engine.FinScoreV2EngineTest.test_seeded_monte_carlo_matches_frozen_script) ... ok
test_account_figures_use_pudim_accounts_and_real_years (test_graficos_v2.GraficosV2Test.test_account_figures_use_pudim_accounts_and_real_years) ... ok
test_deterministic_scenarios_remain_without_monte_carlo (test_graficos_v2.GraficosV2Test.test_deterministic_scenarios_remain_without_monte_carlo) ... ok
test_figure_builders_do_not_mutate_contract_tables (test_graficos_v2.GraficosV2Test.test_figure_builders_do_not_mutate_contract_tables) ... ok
test_indicator_figures_use_observed_notes_and_temporal_scores (test_graficos_v2.GraficosV2Test.test_indicator_figures_use_observed_notes_and_temporal_scores) ... ok
test_model_figures_separate_nuclei_and_pca_weights (test_graficos_v2.GraficosV2Test.test_model_figures_separate_nuclei_and_pca_weights) ... ok
test_monte_carlo_figure_accepts_both_simulation_models (test_graficos_v2.GraficosV2Test.test_monte_carlo_figure_accepts_both_simulation_models) ... ok
test_brigadeiro_workbook_has_specific_error (test_io_validation_v2.IOValidationV2Test.test_brigadeiro_workbook_has_specific_error) ... ok
test_client_rejects_impossible_date (test_io_validation_v2.IOValidationV2Test.test_client_rejects_impossible_date) ... ok
test_column_names_are_case_sensitive_with_actionable_error (test_io_validation_v2.IOValidationV2Test.test_column_names_are_case_sensitive_with_actionable_error) ... ok
test_extra_columns_are_ignored_and_reported (test_io_validation_v2.IOValidationV2Test.test_extra_columns_are_ignored_and_reported) ... ok
test_gate_flags_are_kept_internally_but_hidden_from_upload_report (test_io_validation_v2.IOValidationV2Test.test_gate_flags_are_kept_internally_but_hidden_from_upload_report) ... ok
test_import_metadata_does_not_break_engine_traceability (test_io_validation_v2.IOValidationV2Test.test_import_metadata_does_not_break_engine_traceability) ... ok
test_invalid_text_is_reported_and_preserved (test_io_validation_v2.IOValidationV2Test.test_invalid_text_is_reported_and_preserved) ... ok
test_lancamentos_sheet_is_required (test_io_validation_v2.IOValidationV2Test.test_lancamentos_sheet_is_required) ... ok
test_reference_workbook_is_accepted_losslessly (test_io_validation_v2.IOValidationV2Test.test_reference_workbook_is_accepted_losslessly) ... ok
test_template_has_expected_sheets_columns_and_years (test_io_validation_v2.IOValidationV2Test.test_template_has_expected_sheets_columns_and_years) ... ok
test_comparator_detects_score_policy_weight_and_blocker_mutations (test_model_controls_golden.ModelControlsGoldenTest.test_comparator_detects_score_policy_weight_and_blocker_mutations) ... ok
test_comparator_preserves_missing_zero_types_and_subcent_changes (test_model_controls_golden.ModelControlsGoldenTest.test_comparator_preserves_missing_zero_types_and_subcent_changes) ... ok
test_input_and_fixture_integrity (test_model_controls_golden.ModelControlsGoldenTest.test_input_and_fixture_integrity) ... ok
test_jns_full_golden (test_model_controls_golden.ModelControlsGoldenTest.test_jns_full_golden) ... ok
test_jns_preserves_provisional_calculation_and_decision_block (test_model_controls_golden.ModelControlsGoldenTest.test_jns_preserves_provisional_calculation_and_decision_block) ... ok
test_mobicloud_full_golden (test_model_controls_golden.ModelControlsGoldenTest.test_mobicloud_full_golden) ... ok
test_mobicloud_preserves_approval_without_blockers_and_visible_saturation (test_model_controls_golden.ModelControlsGoldenTest.test_mobicloud_preserves_approval_without_blockers_and_visible_saturation) ... ok
test_ssa_cap_preserves_math_and_current_mitigator_policy (test_model_controls_golden.ModelControlsGoldenTest.test_ssa_cap_preserves_math_and_current_mitigator_policy) ... ok
test_ssa_mro_full_golden (test_model_controls_golden.ModelControlsGoldenTest.test_ssa_mro_full_golden) ... ok
test_completed_report_remains_protected_from_new_url (test_navigation_flow_v2.NavigationFlowTest.test_completed_report_remains_protected_from_new_url) ... ok
test_new_page_does_not_allow_skipping_to_report (test_navigation_flow_v2.NavigationFlowTest.test_new_page_does_not_allow_skipping_to_report) ... ok
test_new_url_can_leave_an_unfinished_cycle_without_clearing_data (test_navigation_flow_v2.NavigationFlowTest.test_new_url_can_leave_an_unfinished_cycle_without_clearing_data) ... ok
test_absent_notes (test_parecer_audit_v3.ParecerAuditV3Test.test_absent_notes) ... ok
test_below_500_other_rule (test_parecer_audit_v3.ParecerAuditV3Test.test_below_500_other_rule) ... ok
test_binding_500_cap (test_parecer_audit_v3.ParecerAuditV3Test.test_binding_500_cap) ... ok
test_blocked_conclusion_is_not_based_on_economic_merit (test_parecer_audit_v3.ParecerAuditV3Test.test_blocked_conclusion_is_not_based_on_economic_merit) ... ok
test_contractor_policy_preserves_numeric_score (test_parecer_audit_v3.ParecerAuditV3Test.test_contractor_policy_preserves_numeric_score) ... ok
test_financial_cnae_overrides_sector (test_parecer_audit_v3.ParecerAuditV3Test.test_financial_cnae_overrides_sector) ... ok
test_financial_types_not_applicable (test_parecer_audit_v3.ParecerAuditV3Test.test_financial_types_not_applicable) ... ok
test_fleuriet_missing_cash_does_not_become_zero (test_parecer_audit_v3.ParecerAuditV3Test.test_fleuriet_missing_cash_does_not_become_zero) ... ok
test_fleuriet_residual_and_unchanged_original (test_parecer_audit_v3.ParecerAuditV3Test.test_fleuriet_residual_and_unchanged_original) ... ok
test_frequency_table_invalid_simulation (test_parecer_audit_v3.ParecerAuditV3Test.test_frequency_table_invalid_simulation) ... ok
test_frequency_table_valid_simulation (test_parecer_audit_v3.ParecerAuditV3Test.test_frequency_table_valid_simulation) ... ok
test_industry_applicable (test_parecer_audit_v3.ParecerAuditV3Test.test_industry_applicable) ... ok
test_insurer_not_applicable (test_parecer_audit_v3.ParecerAuditV3Test.test_insurer_not_applicable) ... ok
test_low_cap_does_not_override_decline (test_parecer_audit_v3.ParecerAuditV3Test.test_low_cap_does_not_override_decline) ... ok
test_multiple_caps (test_parecer_audit_v3.ParecerAuditV3Test.test_multiple_caps) ... ok
test_natural_500 (test_parecer_audit_v3.ParecerAuditV3Test.test_natural_500) ... ok
test_natural_above_500 (test_parecer_audit_v3.ParecerAuditV3Test.test_natural_above_500) ... ok
test_notes_single_column_and_key_value (test_parecer_audit_v3.ParecerAuditV3Test.test_notes_single_column_and_key_value) ... ok
test_notes_survive_contract_and_escape_html (test_parecer_audit_v3.ParecerAuditV3Test.test_notes_survive_contract_and_escape_html) ... ok
test_pdf_levels_keep_traceability (test_parecer_audit_v3.ParecerAuditV3Test.test_pdf_levels_keep_traceability) ... ok
test_report_discloses_debt_and_avoids_quality_merit (test_parecer_audit_v3.ParecerAuditV3Test.test_report_discloses_debt_and_avoids_quality_merit) ... ok
test_semantic_guard_internal_message (test_parecer_audit_v3.ParecerAuditV3Test.test_semantic_guard_internal_message) ... ok
test_semantic_guard_quality_merit (test_parecer_audit_v3.ParecerAuditV3Test.test_semantic_guard_quality_merit) ... ok
test_serasa_future_date (test_parecer_audit_v3.ParecerAuditV3Test.test_serasa_future_date) ... ok
test_serasa_future_rejected_by_engine (test_parecer_audit_v3.ParecerAuditV3Test.test_serasa_future_rejected_by_engine) ... ok
test_serasa_future_rejected_by_form (test_parecer_audit_v3.ParecerAuditV3Test.test_serasa_future_rejected_by_form) ... ok
test_serasa_prior_date (test_parecer_audit_v3.ParecerAuditV3Test.test_serasa_prior_date) ... ok
test_serasa_same_date (test_parecer_audit_v3.ParecerAuditV3Test.test_serasa_same_date) ... ok
test_services_applicable (test_parecer_audit_v3.ParecerAuditV3Test.test_services_applicable) ... ok
test_single_sentence_is_not_duplicated (test_parecer_audit_v3.ParecerAuditV3Test.test_single_sentence_is_not_duplicated) ... ok
test_trade_applicable (test_parecer_audit_v3.ParecerAuditV3Test.test_trade_applicable) ... ok
test_unknown_not_inferred_from_name (test_parecer_audit_v3.ParecerAuditV3Test.test_unknown_not_inferred_from_name) ... ok
test_variations_preserve_legacy_penalty_count (test_parecer_audit_v3.ParecerAuditV3Test.test_variations_preserve_legacy_penalty_count) ... ok
test_variations_zero_and_negative_bases (test_parecer_audit_v3.ParecerAuditV3Test.test_variations_zero_and_negative_bases) ... ok
test_cap_boundary_does_not_hide_trigger (test_parecer_context_review.ContextReviewTest.test_cap_boundary_does_not_hide_trigger) ... ok
test_capital_bridge_preserves_missing_zero_and_residual (test_parecer_context_review.ContextReviewTest.test_capital_bridge_preserves_missing_zero_and_residual) ... ok
test_configured_policy_thresholds_are_preserved_in_report (test_parecer_context_review.ContextReviewTest.test_configured_policy_thresholds_are_preserved_in_report) ... ok
test_date_requires_referenced_origin_and_valid_calendar (test_parecer_context_review.ContextReviewTest.test_date_requires_referenced_origin_and_valid_calendar) ... ok
test_failed_generation_retries_original_response_and_does_not_publish (test_parecer_context_review.ContextReviewTest.test_failed_generation_retries_original_response_and_does_not_publish) ... ok
test_future_consultation_rejected_but_today_allowed (test_parecer_context_review.ContextReviewTest.test_future_consultation_rejected_but_today_allowed) ... ok
test_legacy_invalid_date_remains_visible_with_alert (test_parecer_context_review.ContextReviewTest.test_legacy_invalid_date_remains_visible_with_alert) ... ok
test_pdf_cover_uses_actual_period_when_registration_is_stale (test_parecer_context_review.ContextReviewTest.test_pdf_cover_uses_actual_period_when_registration_is_stale) ... ok
test_source_notes_survive_import_service_contract_and_document (test_parecer_context_review.ContextReviewTest.test_source_notes_survive_import_service_contract_and_document) ... ok
test_analysis_id_is_stable_for_same_execution_and_can_be_informed (test_parecer_data_v2.ParecerDataV2Test.test_analysis_id_is_stable_for_same_execution_and_can_be_informed) ... ok
test_builder_does_not_mutate_engine_dataframes (test_parecer_data_v2.ParecerDataV2Test.test_builder_does_not_mutate_engine_dataframes) ... ok
test_builds_typed_contract_from_current_engine_output (test_parecer_data_v2.ParecerDataV2Test.test_builds_typed_contract_from_current_engine_output) ... ok
test_cadastral_period_is_separate_and_divergence_is_explicit (test_parecer_data_v2.ParecerDataV2Test.test_cadastral_period_is_separate_and_divergence_is_explicit) ... ok
test_contract_rejects_non_eligible_approval (test_parecer_data_v2.ParecerDataV2Test.test_contract_rejects_non_eligible_approval) ... ok
test_contract_rejects_score_divergence_between_sections (test_parecer_data_v2.ParecerDataV2Test.test_contract_rejects_score_divergence_between_sections) ... ok
test_extra_fields_are_forbidden (test_parecer_data_v2.ParecerDataV2Test.test_extra_fields_are_forbidden) ... ok
test_functional_metadata_excludes_generation_technology (test_parecer_data_v2.ParecerDataV2Test.test_functional_metadata_excludes_generation_technology) ... ok
test_future_serasa_date_is_preserved_and_flagged (test_parecer_data_v2.ParecerDataV2Test.test_future_serasa_date_is_preserved_and_flagged) ... ok
test_human_divergence_requires_audit_record (test_parecer_data_v2.ParecerDataV2Test.test_human_divergence_requires_audit_record) ... ok
test_missing_values_remain_null_in_json (test_parecer_data_v2.ParecerDataV2Test.test_missing_values_remain_null_in_json) ... ok
test_optional_operation_fields_are_contextual_only (test_parecer_data_v2.ParecerDataV2Test.test_optional_operation_fields_are_contextual_only) ... ok
test_chart_is_omitted_when_comparison_has_no_material_variation (test_parecer_evaluation_v2.ParecerDocumentEvaluationTest.test_chart_is_omitted_when_comparison_has_no_material_variation) ... ok
test_complete_document_passes_deterministic_evaluation (test_parecer_evaluation_v2.ParecerDocumentEvaluationTest.test_complete_document_passes_deterministic_evaluation) ... ok
test_document_uses_the_consolidated_requested_structure (test_parecer_evaluation_v2.ParecerDocumentEvaluationTest.test_document_uses_the_consolidated_requested_structure) ... ok
test_end_to_end_pipeline_accepts_a_grounded_structured_response (test_parecer_evaluation_v2.ParecerDocumentEvaluationTest.test_end_to_end_pipeline_accepts_a_grounded_structured_response) ... ok
test_final_considerations_are_quantitatively_grounded (test_parecer_evaluation_v2.ParecerDocumentEvaluationTest.test_final_considerations_are_quantitatively_grounded) ... ok
test_generation_technology_term_is_rejected_from_document (test_parecer_evaluation_v2.ParecerDocumentEvaluationTest.test_generation_technology_term_is_rejected_from_document) ... ok
test_methodology_tampering_is_rejected (test_parecer_evaluation_v2.ParecerDocumentEvaluationTest.test_methodology_tampering_is_rejected) ... ok
test_page_range_is_enforced (test_parecer_evaluation_v2.ParecerDocumentEvaluationTest.test_page_range_is_enforced) ... ok
test_pdf_header_has_requested_fields_and_no_classification_chips (test_parecer_evaluation_v2.ParecerDocumentEvaluationTest.test_pdf_header_has_requested_fields_and_no_classification_chips) ... ok
test_pipeline_retries_duplicate_references_without_weakening_validation (test_parecer_evaluation_v2.ParecerDocumentEvaluationTest.test_pipeline_retries_duplicate_references_without_weakening_validation) ... ok
test_pipeline_stops_after_three_invalid_structured_responses (test_parecer_evaluation_v2.ParecerDocumentEvaluationTest.test_pipeline_stops_after_three_invalid_structured_responses) ... ok
test_reference_pdf_stays_within_seven_to_fourteen_pages (test_parecer_evaluation_v2.ParecerDocumentEvaluationTest.test_reference_pdf_stays_within_seven_to_fourteen_pages) ... ok
test_analyst_report_does_not_expose_generation_technology (test_parecer_pudim_v2.ParecerPudimV2Test.test_analyst_report_does_not_expose_generation_technology) ... ok
test_commercial_metadata_does_not_affect_the_decision (test_parecer_pudim_v2.ParecerPudimV2Test.test_commercial_metadata_does_not_affect_the_decision) ... ok
test_configuration_uses_requested_model_and_low_variability (test_parecer_pudim_v2.ParecerPudimV2Test.test_configuration_uses_requested_model_and_low_variability) ... ok
test_eligible_score_approves_without_commercial_inputs (test_parecer_pudim_v2.ParecerPudimV2Test.test_eligible_score_approves_without_commercial_inputs) ... ok
test_eligible_score_below_250_is_not_approved (test_parecer_pudim_v2.ParecerPudimV2Test.test_eligible_score_below_250_is_not_approved) ... ok
test_methodology_documents_only_the_three_decisions (test_parecer_pudim_v2.ParecerPudimV2Test.test_methodology_documents_only_the_three_decisions) ... ok
test_missing_score_suspends_instead_of_simulating_a_decline (test_parecer_pudim_v2.ParecerPudimV2Test.test_missing_score_suspends_instead_of_simulating_a_decline) ... ok
test_narrative_schema_accepts_only_findings_from_the_evidence_book (test_parecer_pudim_v2.ParecerPudimV2Test.test_narrative_schema_accepts_only_findings_from_the_evidence_book) ... ok
test_native_quality_gate_prevents_automatic_approval (test_parecer_pudim_v2.ParecerPudimV2Test.test_native_quality_gate_prevents_automatic_approval) ... ok
test_nested_pandas_diagnostics_are_serialized_without_boolean_evaluation (test_parecer_pudim_v2.ParecerPudimV2Test.test_nested_pandas_diagnostics_are_serialized_without_boolean_evaluation) ... ok
test_pdf_page_counter (test_parecer_pudim_v2.ParecerPudimV2Test.test_pdf_page_counter) ... ok
test_reliability_below_native_threshold_is_inconsistent (test_parecer_pudim_v2.ParecerPudimV2Test.test_reliability_below_native_threshold_is_inconsistent) ... ok
test_report_has_fixed_methodology_and_audit_annex (test_parecer_pudim_v2.ParecerPudimV2Test.test_report_has_fixed_methodology_and_audit_annex) ... ok
test_report_omits_governance_positions_and_keeps_institutional_caveat (test_parecer_pudim_v2.ParecerPudimV2Test.test_report_omits_governance_positions_and_keeps_institutional_caveat) ... ok
test_responses_api_payload_is_structured_and_not_stored (test_parecer_pudim_v2.ParecerPudimV2Test.test_responses_api_payload_is_structured_and_not_stored) ... ok
test_restricted_approval_recommends_guarantee (test_parecer_pudim_v2.ParecerPudimV2Test.test_restricted_approval_recommends_guarantee) ... ok
test_severe_serasa_restriction_is_supplementary_not_an_automatic_veto (test_parecer_pudim_v2.ParecerPudimV2Test.test_severe_serasa_restriction_is_supplementary_not_an_automatic_veto) ... ok
test_strict_schema_requires_all_declared_fields_recursively (test_parecer_pudim_v2.ParecerPudimV2Test.test_strict_schema_requires_all_declared_fields_recursively) ... ok
test_supplementary_distress_recommends_guarantee_without_veto (test_parecer_pudim_v2.ParecerPudimV2Test.test_supplementary_distress_recommends_guarantee_without_veto) ... ok
test_both_stresses_have_independent_evidence (test_parecer_traceability_regression.TraceabilityRegressionTest.test_both_stresses_have_independent_evidence) ... ok
test_diagnostic_table_and_evidence_preserve_recovery_history (test_parecer_traceability_regression.TraceabilityRegressionTest.test_diagnostic_table_and_evidence_preserve_recovery_history) ... ok
test_failed_monotonicity_never_supports_resilience (test_parecer_traceability_regression.TraceabilityRegressionTest.test_failed_monotonicity_never_supports_resilience) ... ok
test_flat_and_deteriorating_stresses_remain_distinct (test_parecer_traceability_regression.TraceabilityRegressionTest.test_flat_and_deteriorating_stresses_remain_distinct) ... ok
test_large_amounts_do_not_have_large_rounding_allowance (test_parecer_traceability_regression.TraceabilityRegressionTest.test_large_amounts_do_not_have_large_rounding_allowance) ... ok
test_large_favorable_changes_do_not_hide_pressure_or_repeat_drivers (test_parecer_traceability_regression.TraceabilityRegressionTest.test_large_favorable_changes_do_not_hide_pressure_or_repeat_drivers) ... ok
test_missing_stress_is_not_zero (test_parecer_traceability_regression.TraceabilityRegressionTest.test_missing_stress_is_not_zero) ... ok
test_percentage_cannot_borrow_score_amount_or_year (test_parecer_traceability_regression.TraceabilityRegressionTest.test_percentage_cannot_borrow_score_amount_or_year) ... ok
test_percentage_rounding_does_not_erase_sign_or_small_values (test_parecer_traceability_regression.TraceabilityRegressionTest.test_percentage_rounding_does_not_erase_sign_or_small_values) ... ok
test_unavailable_springate_is_never_a_strength (test_parecer_traceability_regression.TraceabilityRegressionTest.test_unavailable_springate_is_never_a_strength) ... ok
test_valid_flat_stress_keeps_strength (test_parecer_traceability_regression.TraceabilityRegressionTest.test_valid_flat_stress_keeps_strength) ... ok
test_coincidental_value_does_not_authorize_another_reference (test_parecer_validation_v2.ParecerValidationV2Test.test_coincidental_value_does_not_authorize_another_reference) ... ok
test_date_is_not_decomposed_into_unsupported_financial_numbers (test_parecer_validation_v2.ParecerValidationV2Test.test_date_is_not_decomposed_into_unsupported_financial_numbers) ... ok
test_final_decision_wording_is_rejected (test_parecer_validation_v2.ParecerValidationV2Test.test_final_decision_wording_is_rejected) ... ok
test_material_repetition_is_rejected (test_parecer_validation_v2.ParecerValidationV2Test.test_material_repetition_is_rejected) ... ok
test_number_tokenizer_preserves_complete_years_and_formatted_values (test_parecer_validation_v2.ParecerValidationV2Test.test_number_tokenizer_preserves_complete_years_and_formatted_values) ... ok
test_number_without_referenced_evidence_is_rejected (test_parecer_validation_v2.ParecerValidationV2Test.test_number_without_referenced_evidence_is_rejected) ... ok
test_scenario_disclaimer_is_not_mistaken_for_a_prediction (test_parecer_validation_v2.ParecerValidationV2Test.test_scenario_disclaimer_is_not_mistaken_for_a_prediction) ... ok
test_score_percentage_near_guarantee_is_not_read_as_coverage (test_parecer_validation_v2.ParecerValidationV2Test.test_score_percentage_near_guarantee_is_not_read_as_coverage) ... ok
test_unknown_finding_reference_is_rejected (test_parecer_validation_v2.ParecerValidationV2Test.test_unknown_finding_reference_is_rejected) ... ok
test_unsupported_sentence_is_rejected_without_silent_rewrite (test_parecer_validation_v2.ParecerValidationV2Test.test_unsupported_sentence_is_rejected_without_silent_rewrite) ... ok
test_valid_narrative_passes_all_layers (test_parecer_validation_v2.ParecerValidationV2Test.test_valid_narrative_passes_all_layers) ... ok
test_absent_new_upload_preserves_current_data (test_rejected_upload_v2.RejectedUploadTest.test_absent_new_upload_preserves_current_data) ... ok
test_rejected_replacement_clears_data_and_disables_calculation (test_rejected_upload_v2.RejectedUploadTest.test_rejected_replacement_clears_data_and_disables_calculation) ... ok
test_blocked_result_does_not_expose_artificial_scores (test_scores_v2.ScoresV2Test.test_blocked_result_does_not_expose_artificial_scores) ... ok
test_formatters_distinguish_missing_zero_and_percentage (test_scores_v2.ScoresV2Test.test_formatters_distinguish_missing_zero_and_percentage) ... ok
test_quality_and_prudential_controls_are_preserved (test_scores_v2.ScoresV2Test.test_quality_and_prudential_controls_are_preserved) ... ok
test_serasa_remains_separate_external_evidence (test_scores_v2.ScoresV2Test.test_serasa_remains_separate_external_evidence) ... ok
test_summary_does_not_mutate_contract_tables (test_scores_v2.ScoresV2Test.test_summary_does_not_mutate_contract_tables) ... ok
test_summary_uses_native_pudim_scores (test_scores_v2.ScoresV2Test.test_summary_uses_native_pudim_scores) ... ok
test_invalid_and_unknown_diagnostics_hide_numbers (test_simulation_report_gate.SimulationReportGateTest.test_invalid_and_unknown_diagnostics_hide_numbers) ... ok
test_other_approach_cannot_authorize_summary (test_simulation_report_gate.SimulationReportGateTest.test_other_approach_cannot_authorize_summary) ... ok
test_prudential_frequencies_keep_zero_distinct_from_missing (test_simulation_report_gate.SimulationReportGateTest.test_prudential_frequencies_keep_zero_distinct_from_missing) ... ok
test_valid_diagnostic_retains_summary (test_simulation_report_gate.SimulationReportGateTest.test_valid_diagnostic_retains_summary) ... ok
test_blocked_result_has_empty_analytical_tables (test_tabelas_v2.TabelasV2Test.test_blocked_result_has_empty_analytical_tables) ... ok
test_catalog_covers_the_pudim_analytical_tables (test_tabelas_v2.TabelasV2Test.test_catalog_covers_the_pudim_analytical_tables) ... ok
test_catalog_does_not_mutate_engine_output (test_tabelas_v2.TabelasV2Test.test_catalog_does_not_mutate_engine_output) ... ok
test_disabled_monte_carlo_keeps_deterministic_scenarios (test_tabelas_v2.TabelasV2Test.test_disabled_monte_carlo_keeps_deterministic_scenarios) ... ok
test_indices_and_notes_receive_real_years_and_labels (test_tabelas_v2.TabelasV2Test.test_indices_and_notes_receive_real_years_and_labels) ... ok

----------------------------------------------------------------------
Ran 214 tests in 154.925s

OK
